---
source: src/lib.rs
expression: "format(\"## foo\\n1;\")"
---
Ok(
    "## foo\n1;\n",
)
