---
source: src/lib.rs
expression: "format(\"1;## foo\\n1;\")"
---
Ok(
    "1; ## foo\n1;\n",
)
