---
source: src/lib.rs
expression: "format(\"1;##< foo\")"
---
Ok(
    "1; ##< foo\n",
)
