---
source: src/lib.rs
expression: "format(\"##! foo\\n;1;\")"
---
Ok(
    "##! foo\n;1;\n",
)
