# A sample file which needs some formatting.

# NOTE: More extensive tests should go into unit tests or separate files in `tests/samples`.

global foo = 1 + 2;
